---
source: src/cli/uri/mod.rs
expression: results
---
- scheme: ~
  alias: alias
  frag: path.with/dot
  atom: my/atom
  version: ^2
- scheme: ~
  alias: ~
  frag: "git@github.com:owner/repo"
  atom: path/to/atom
  version: ^1
- scheme: https
  alias: ~
  frag: "example.com/owner/repo:8080"
  atom: path/to/atom
  version: ^1
- scheme: https
  alias: ~
  frag: github.com/owner/repo
  atom: path/to/atom
  version: ^1
- scheme: https
  alias: hub
  frag: owner/repo
  atom: path/to/atom
  version: ^1
- scheme: https
  alias: ~
  frag: "user:password@example.com/my/repo"
  atom: atom/path
  version: ^0.2
- scheme: ~
  alias: hub
  frag: owner/repo
  atom: path/to/atom
  version: ^1
- scheme: ~
  alias: ~
  frag: "my.ssh.com:my/repo"
  atom: path/to/atom
  version: ~
- scheme: ~
  alias: ~
  frag: ~
  atom: /path/to/atom
  version: ^0.8
- scheme: ~
  alias: ~
  frag: ~
  atom: /path/to/atom
  version: ~
- scheme: ~
  alias: ~
  frag: ~
  atom: path/to/atom
  version: ~
