---
source: crates/atom/src/uri/tests/mod.rs
expression: results
---
- url:
    scheme: ~
    user: ~
    pass: ~
    frag: "gl:repo"
  atom:
    id: atom
    version: ^2.0
- url:
    scheme: ~
    user: ~
    pass: ~
    frag: gl
  atom:
    id: atom
    version: ^2.1
- url:
    scheme: ~
    user: ~
    pass: ~
    frag: "gl:path.with/dot"
  atom:
    id: my-atom
    version: ^2
- url:
    scheme: ~
    user: git
    pass: ~
    frag: "github.com:owner/repo"
  atom:
    id: this-atom
    version: ^1
- url:
    scheme: ~
    user: git
    pass: ~
    frag: "gh:owner/repo"
  atom:
    id: this-atom
    version: ^1
- url:
    scheme: https
    user: ~
    pass: ~
    frag: "example.com:8080/owner/repo"
  atom:
    id: foo
    version: ^1
- url:
    scheme: https
    user: ~
    pass: ~
    frag: foo.com/owner/repo
  atom:
    id: bar
    version: ^1
- url:
    scheme: https
    user: ~
    pass: ~
    frag: "gh:owner/repo"
  atom:
    id: λ
    version: ^1
- url:
    scheme: ~
    user: ~
    pass: ~
    frag: "gh:owner/repo"
  atom:
    id: λ
    version: ^1
- url:
    scheme: ~
    user: git
    pass: ~
    frag: "gh:owner/repo"
  atom:
    id: λ
    version: ^1
- url:
    scheme: ~
    user: ~
    pass: ~
    frag: pkgs
  atom:
    id: zlib
    version: ^1
- url:
    scheme: https
    user: user
    pass: password
    frag: example.com/my/repo
  atom:
    id: id
    version: ^0.2
- url:
    scheme: ~
    user: user
    pass: password
    frag: example.com/my/repo
  atom:
    id: id
    version: ^0.2
- url:
    scheme: ~
    user: user
    pass: ~
    frag: example.com/my/repo
  atom:
    id: id
    version: ^0.2
- url:
    scheme: ~
    user: ~
    pass: ~
    frag: "gh:owner/repo"
  atom:
    id: yep
    version: ^1
- url:
    scheme: ~
    user: ~
    pass: ~
    frag: bb
  atom:
    id: yep
    version: ^1
- url:
    scheme: ~
    user: ~
    pass: ~
    frag: foo/bar/baz
  atom:
    id: my-atom
    version: ~
- url:
    scheme: ~
    user: ~
    pass: ~
    frag: /foo/bar/baz
  atom:
    id: my-atom
    version: ~
- url:
    scheme: ~
    user: ~
    pass: ~
    frag: "my.ssh.com:my/repo"
  atom:
    id: hello
    version: ~
- url:
    scheme: ~
    user: ~
    pass: ~
    frag: ~
  atom:
    id: foo
    version: ^0.8
- url:
    scheme: ~
    user: ~
    pass: ~
    frag: ~
  atom:
    id: foo
    version: ~
- url:
    scheme: ~
    user: ~
    pass: ~
    frag: ~
  atom:
    id: foo
    version: ~
