---
source: crates/atom/src/uri/tests/mod.rs
expression: results
---
- scheme: ~
  alias: alias
  frag: repo
  atom: atom
  version: ^2.0
- scheme: ~
  alias: alias
  frag: ~
  atom: atom
  version: ^2.1
- scheme: ~
  alias: alias
  frag: path.with/dot
  atom: my-atom
  version: ^2
- scheme: ~
  alias: ~
  frag: "git@github.com:owner/repo"
  atom: this-atom
  version: ^1
- scheme: https
  alias: ~
  frag: "example.com/owner/repo:8080"
  atom: foo
  version: ^1
- scheme: https
  alias: ~
  frag: github.com/owner/repo
  atom: bar
  version: ^1
- scheme: https
  alias: hub
  frag: owner/repo
  atom: λ
  version: ^1
- scheme: https
  alias: ~
  frag: "user:password@example.com/my/repo"
  atom: id
  version: ^0.2
- scheme: ~
  alias: hub
  frag: owner/repo
  atom: yep
  version: ^1
- scheme: ~
  alias: ~
  frag: "my.ssh.com:my/repo"
  atom: hello
  version: ~
- scheme: ~
  alias: ~
  frag: ~
  atom: foo
  version: ^0.8
- scheme: ~
  alias: ~
  frag: ~
  atom: foo
  version: ~
- scheme: ~
  alias: ~
  frag: ~
  atom: foo
  version: ~
